// Jest Snapshot v1, https://goo.gl/fbAQLP

exports[`<GameInfo /> should render game information 1`] = `
.c7 {
  display: inline-block;
  vertical-align: middle;
  overflow: hidden;
}

.c6 {
  background-image: linear-gradient(180deg,#ff5f5f 0%,#f062c0 50%);
  border: none;
  border-radius: 0.4rem;
  color: #FAFAFA;
  cursor: pointer;
  display: -webkit-inline-box;
  display: -webkit-inline-flex;
  display: -ms-inline-flexbox;
  display: inline-flex;
  -webkit-align-items: center;
  -webkit-box-align: center;
  -ms-flex-align: center;
  align-items: center;
  -webkit-box-pack: center;
  -webkit-justify-content: center;
  -ms-flex-pack: center;
  justify-content: center;
  font-family: Poppins,-apple-system,BlinkMacSystemFont,'Segoe UI',Roboto,Oxygen,Ubuntu,Cantarell,'Open Sans','Helvetica Neue',sans-serif;
  padding: 0.8rem;
  -webkit-text-decoration: none;
  text-decoration: none;
  font-size: 1.6rem;
  height: 5rem;
  padding: 0.8rem 4.8rem;
}

.c6:hover,
.c6:focus {
  background-image: linear-gradient(180deg,#e35565 0%,#d958a6 50%);
}

.c6 svg {
  width: 1.6rem;
}

.c6 svg + span {
  margin-left: 0.8rem;
}

.c8 {
  background-image: linear-gradient(180deg,#ff5f5f 0%,#f062c0 50%);
  border: none;
  border-radius: 0.4rem;
  color: #FAFAFA;
  cursor: pointer;
  display: -webkit-inline-box;
  display: -webkit-inline-flex;
  display: -ms-inline-flexbox;
  display: inline-flex;
  -webkit-align-items: center;
  -webkit-box-align: center;
  -ms-flex-align: center;
  align-items: center;
  -webkit-box-pack: center;
  -webkit-justify-content: center;
  -ms-flex-pack: center;
  justify-content: center;
  font-family: Poppins,-apple-system,BlinkMacSystemFont,'Segoe UI',Roboto,Oxygen,Ubuntu,Cantarell,'Open Sans','Helvetica Neue',sans-serif;
  padding: 0.8rem;
  -webkit-text-decoration: none;
  text-decoration: none;
  font-size: 1.6rem;
  height: 5rem;
  padding: 0.8rem 4.8rem;
  background: none;
  color: #F231A5;
}

.c8:hover,
.c8:focus {
  background-image: linear-gradient(180deg,#e35565 0%,#d958a6 50%);
}

.c8:hover,
.c8:focus {
  background: none;
  color: #820851;
}

.c8 svg {
  width: 1.6rem;
}

.c8 svg + span {
  margin-left: 0.8rem;
}

.c1 {
  color: #030517;
  line-height: 1.2;
  margin-bottom: 3.2rem;
  position: relative;
  margin-bottom: 3.2rem;
  font-size: 2.0rem;
}

.c1::after {
  border-bottom: 0.5rem solid #F231A5;
  content: '';
  position: absolute;
  bottom: -0.5rem;
  left: 0;
  width: 5rem;
}

.c3 {
  color: #FAFAFA;
  display: -webkit-box;
  display: -webkit-flex;
  display: -ms-flexbox;
  display: flex;
  -webkit-align-items: center;
  -webkit-box-align: center;
  -ms-flex-align: center;
  align-items: center;
  font-weight: 600;
  position: absolute;
  top: 1.6rem;
  background-color: #3CD3C1;
  font-size: 1.4rem;
  height: 3.6rem;
  padding: 0 2.4rem;
  right: -2rem;
}

.c3::before {
  content: '';
  border-style: solid;
  border-left-width: 0rem;
  border-right-color: transparent;
  border-bottom-color: transparent;
  border-bottom-width: 1rem;
  position: absolute;
  right: 0;
}

.c3::before {
  border-left-color: #1f8a7d;
  border-top-color: #1f8a7d;
}

.c3::before {
  border-top-width: 1rem;
  border-right-width: 2rem;
  top: 3.6rem;
}

.c0 {
  background-color: #FAFAFA;
  padding: 2.4rem;
  padding-top: 5.6rem;
  position: relative;
}

.c4 {
  color: #8F8F8F;
  font-size: 1.4rem;
  margin-bottom: 2.4rem;
}

.c5 {
  display: -webkit-box;
  display: -webkit-flex;
  display: -ms-flexbox;
  display: flex;
  -webkit-flex-direction: column;
  -ms-flex-direction: column;
  flex-direction: column;
  -webkit-align-items: center;
  -webkit-box-align: center;
  -ms-flex-align: center;
  align-items: center;
}

.c5 > button {
  margin-bottom: 0.8rem;
  width: 100%;
}

@media (min-width:768px) {
  .c1 {
    font-size: 2.8rem;
  }
}

@media (min-width:450px) {
  .c0 {
    padding-top: 2.4rem;
  }
}

@media (min-width:768px) {
  .c0 .c2 {
    font-size: 1.4rem;
    top: 2.4rem;
    right: 2.4rem;
  }

  .c0 .c2::before {
    border: none;
  }
}

@media (min-width:768px) {
  .c4 {
    max-width: 77rem;
  }
}

@media (min-width:768px) {
  .c5 {
    -webkit-flex-direction: row-reverse;
    -ms-flex-direction: row-reverse;
    flex-direction: row-reverse;
  }

  .c5 > button {
    margin-bottom: 0;
    width: initial;
  }
}

<div
  class="c0"
>
  <h2
    class="c1"
    color="black"
  >
    Game title
  </h2>
  <div
    class="c2 c3"
    color="secondary"
  >
    $$30,00
  </div>
  <p
    class="c4"
  >
    Game description
  </p>
  <div
    class="c5"
  >
    <button
      class="c6"
    >
      <svg
        aria-hidden="true"
        class="c7"
        fill="currentColor"
        focusable="false"
        viewBox="0 0 24 24"
        xmlns="http://www.w3.org/2000/svg"
      >
        <path
          d="M0 0h24v24H0V0z"
          fill="none"
        />
        <path
          d="M11 9h2V6h3V4h-3V1h-2v3H8v2h3v3zm-4 9c-1.1 0-1.99.9-1.99 2S5.9 22 7 22s2-.9 2-2-.9-2-2-2zm10 0c-1.1 0-1.99.9-1.99 2s.89 2 1.99 2 2-.9 2-2-.9-2-2-2zm-8.9-5h7.45c.75 0 1.41-.41 1.75-1.03l3.86-7.01L19.42 4l-3.87 7H8.53L4.27 2H1v2h2l3.6 7.59-1.35 2.44C4.52 15.37 5.48 17 7 17h12v-2H7l1.1-2z"
        />
      </svg>
      <span>
        Add to cart
      </span>
    </button>
    <button
      class="c8"
    >
      <svg
        aria-hidden="true"
        class="c7"
        fill="currentColor"
        focusable="false"
        viewBox="0 0 24 24"
        xmlns="http://www.w3.org/2000/svg"
      >
        <path
          d="M0 0h24v24H0V0z"
          fill="none"
        />
        <path
          d="M11 9h2V6h3V4h-3V1h-2v3H8v2h3v3zm-4 9c-1.1 0-1.99.9-1.99 2S5.9 22 7 22s2-.9 2-2-.9-2-2-2zm10 0c-1.1 0-1.99.9-1.99 2s.89 2 1.99 2 2-.9 2-2-.9-2-2-2zm-8.9-5h7.45c.75 0 1.41-.41 1.75-1.03l3.86-7.01L19.42 4l-3.87 7H8.53L4.27 2H1v2h2l3.6 7.59-1.35 2.44C4.52 15.37 5.48 17 7 17h12v-2H7l1.1-2z"
        />
      </svg>
      <span>
        Wishlist
      </span>
    </button>
  </div>
</div>
`;
