// Jest Snapshot v1, https://goo.gl/fbAQLP

exports[`<Empty /> should render correctly 1`] = `
.c4 {
  background-image: linear-gradient(180deg,#ff5f5f 0%,#f062c0 50%);
  border: none;
  border-radius: 0.4rem;
  color: #FAFAFA;
  cursor: pointer;
  display: -webkit-inline-box;
  display: -webkit-inline-flex;
  display: -ms-inline-flexbox;
  display: inline-flex;
  -webkit-align-items: center;
  -webkit-box-align: center;
  -ms-flex-align: center;
  align-items: center;
  -webkit-box-pack: center;
  -webkit-justify-content: center;
  -ms-flex-pack: center;
  justify-content: center;
  font-family: Poppins,-apple-system,BlinkMacSystemFont,'Segoe UI',Roboto,Oxygen,Ubuntu,Cantarell,'Open Sans','Helvetica Neue',sans-serif;
  padding: 0.8rem;
  -webkit-text-decoration: none;
  text-decoration: none;
  font-size: 1.4rem;
  height: 4rem;
  padding: 0.8rem 3.2rem;
}

.c4:hover,
.c4:focus {
  background-image: linear-gradient(180deg,#e35565 0%,#d958a6 50%);
}

.c1 {
  max-width: 100%;
}

.c2 {
  color: #F231A5;
  font-size: 2.8rem;
  line-height: 1.2;
  margin-bottom: 2.4rem;
}

.c3 {
  color: #FAFAFA;
  font-size: 1.8rem;
  font-weight: 300;
  line-height: 1.2;
  margin-bottom: 3.2rem;
}

.c0 {
  display: -webkit-box;
  display: -webkit-flex;
  display: -ms-flexbox;
  display: flex;
  -webkit-flex-direction: column;
  -ms-flex-direction: column;
  flex-direction: column;
  -webkit-align-items: center;
  -webkit-box-align: center;
  -ms-flex-align: center;
  align-items: center;
  text-align: center;
  padding: 1.6rem;
}

<div
  class="c0"
>
  <img
    alt="A gamer in a couch playing videogame"
    class="c1"
    role="image"
    src="/img/empty.svg"
  />
  <h2
    class="c2"
  >
    A simple title
  </h2>
  <p
    class="c3"
  >
    A simple description
  </p>
  <a
    class="c4"
    href="/"
  >
    <span>
      Go back to store
    </span>
  </a>
</div>
`;
