// Jest Snapshot v1, https://goo.gl/fbAQLP

exports[`<BannerSlider /> should render vertical slider 1`] = `
.c10 {
  background-image: linear-gradient(180deg,#ff5f5f 0%,#f062c0 50%);
  border: none;
  border-radius: 0.4rem;
  color: #FAFAFA;
  cursor: pointer;
  display: -webkit-inline-box;
  display: -webkit-inline-flex;
  display: -ms-inline-flexbox;
  display: inline-flex;
  -webkit-align-items: center;
  -webkit-box-align: center;
  -ms-flex-align: center;
  align-items: center;
  -webkit-box-pack: center;
  -webkit-justify-content: center;
  -ms-flex-pack: center;
  justify-content: center;
  font-family: Poppins,-apple-system,BlinkMacSystemFont,'Segoe UI',Roboto,Oxygen,Ubuntu,Cantarell,'Open Sans','Helvetica Neue',sans-serif;
  padding: 0.8rem;
  -webkit-text-decoration: none;
  text-decoration: none;
  font-size: 1.4rem;
  height: 4rem;
  padding: 0.8rem 3.2rem;
}

.c10:hover,
.c10:focus {
  background-image: linear-gradient(180deg,#e35565 0%,#d958a6 50%);
}

.c5 {
  color: #FAFAFA;
  display: -webkit-box;
  display: -webkit-flex;
  display: -ms-flexbox;
  display: flex;
  -webkit-align-items: center;
  -webkit-box-align: center;
  -ms-flex-align: center;
  align-items: center;
  font-weight: 600;
  position: absolute;
  top: 1.6rem;
  background-color: #F231A5;
  font-size: 1.4rem;
  height: 3.6rem;
  padding: 0 2.4rem;
  right: -1.5rem;
}

.c5::before {
  content: '';
  border-style: solid;
  border-left-width: 0rem;
  border-right-color: transparent;
  border-bottom-color: transparent;
  border-bottom-width: 1rem;
  position: absolute;
  right: 0;
}

.c5::before {
  border-left-color: #b20b6f;
  border-top-color: #b20b6f;
}

.c5::before {
  border-top-width: 0.7rem;
  border-right-width: 1.5rem;
  top: 3.6rem;
}

.c3 {
  position: relative;
}

.c6 {
  background-color: #EAEAEA;
  background-image: url(https://source.unsplash.com/user/willianjusten/1042x580);
  background-position: center center;
  background-size: cover;
  height: 23rem;
  width: 100%;
}

.c11 {
  background-color: #EAEAEA;
  background-image: url(https://source.unsplash.com/user/willianjusten/1042x582);
  background-position: center center;
  background-size: cover;
  height: 23rem;
  width: 100%;
}

.c7 {
  background-color: rgba(0,0,0,0.7);
  padding: 2.4rem;
  width: 100%;
}

.c8 {
  color: #FAFAFA;
  font-size: 1.8rem;
  font-weight: 600;
}

.c9 {
  color: #FAFAFA;
  font-size: 1.4rem;
  font-weight: 400;
  margin-bottom: 1.6rem;
}

.c9 strong {
  color: #F231A5;
  font-weight: 600;
}

.c1 .slick-slider {
  position: relative;
  display: block;
  box-sizing: border-box;
  -webkit-user-select: none;
  -moz-user-select: none;
  -ms-user-select: none;
  -webkit-user-select: none;
  -moz-user-select: none;
  -ms-user-select: none;
  user-select: none;
  -webkit-touch-callout: none;
  -khtml-user-select: none;
  -ms-touch-action: pan-y;
  touch-action: pan-y;
  -webkit-tap-highlight-color: transparent;
}

.c1 .slick-list {
  position: relative;
  display: block;
  overflow: hidden;
  margin: 0;
  padding: 0;
}

.c1 .slick-list:focus {
  outline: none;
}

.c1 .slick-list.dragging {
  cursor: pointer;
  cursor: hand;
}

.c1 .slick-slider .slick-track,
.c1 .slick-slider .slick-list {
  -webkit-transform: translate3d(0,0,0);
  -ms-transform: translate3d(0,0,0);
  transform: translate3d(0,0,0);
}

.c1 .slick-track {
  position: relative;
  top: 0;
  left: 0;
  display: block;
}

.c1 .slick-track:before,
.c1 .slick-track:after {
  display: table;
  content: '';
}

.c1 .slick-track:after {
  clear: both;
}

.c1 .slick-loading .slick-track {
  visibility: hidden;
}

.c1 .slick-slide {
  display: none;
  float: left;
  height: 100%;
  min-height: 1px;
}

.c1 [dir='rtl'] .slick-slide {
  float: right;
}

.c1 .slick-slide img {
  display: block;
}

.c1 .slick-slide.slick-loading img {
  display: none;
}

.c1 .slick-slide.dragging img {
  pointer-events: none;
}

.c1 .slick-initialized .slick-slide {
  display: block;
}

.c1 .slick-loading .slick-slide {
  visibility: hidden;
}

.c1 .slick-vertical .slick-slide {
  display: block;
  height: auto;
  border: 1px solid transparent;
}

.c1 .slick-arrow.slick-hidden {
  display: none;
}

.c0 .slick-dots {
  display: -webkit-box !important;
  display: -webkit-flex !important;
  display: -ms-flexbox !important;
  display: flex !important;
  -webkit-align-items: center;
  -webkit-box-align: center;
  -ms-flex-align: center;
  align-items: center;
  -webkit-box-pack: center;
  -webkit-justify-content: center;
  -ms-flex-pack: center;
  justify-content: center;
  list-style: none;
  margin-top: 2.4rem;
}

.c0 .slick-dots li {
  background: #FAFAFA;
  border-radius: 100%;
  cursor: pointer;
  height: 1.2rem;
  width: 1.2rem;
  display: -webkit-box;
  display: -webkit-flex;
  display: -ms-flexbox;
  display: flex;
  -webkit-align-items: center;
  -webkit-box-align: center;
  -ms-flex-align: center;
  align-items: center;
  -webkit-box-pack: center;
  -webkit-justify-content: center;
  -ms-flex-pack: center;
  justify-content: center;
  margin: 0 0.8rem;
}

.c0 .slick-dots li.slick-active {
  background: #F231A5;
}

.c0 .slick-dots button {
  cursor: pointer;
  height: 1.2rem;
  width: 1.2rem;
  opacity: 0;
}

@media (max-width:1170px) {
  .c3 .c4 {
    right: 0;
  }

  .c3 .c4::before {
    display: none;
  }
}

@media (min-width:768px) {
  .c3 {
    box-shadow: 0 0.4rem 0.5rem 0 rgba(0,0,0,0.2);
  }
}

@media (min-width:768px) {
  .c6 {
    height: 50rem;
  }
}

@media (min-width:768px) {
  .c11 {
    height: 50rem;
  }
}

@media (min-width:768px) {
  .c7 {
    border-radius: 0 0 0.4rem 0.4rem;
    padding: 4.0rem;
    position: absolute;
    bottom: 0;
    left: 0;
  }
}

@media (min-width:768px) {
  .c8 {
    font-size: 2.8rem;
  }
}

@media (min-width:768px) {
  .c9 {
    font-size: 1.8rem;
  }
}

@media (min-width:1170px) {
  .c0 .c2 {
    margin: 0 auto;
    max-width: 104rem;
  }

  .c0 .slick-dots {
    -webkit-flex-direction: column;
    -ms-flex-direction: column;
    flex-direction: column;
    height: 100%;
    position: absolute;
    top: 0;
    right: 0;
    margin: 0;
  }

  .c0 .slick-dots li {
    margin: 0.8rem 0;
  }
}

<section
  class="c0"
>
  <section
    class="c1"
  >
    <div
      class="slick-slider slick-vertical slick-initialized"
      dir="ltr"
    >
      <div
        class="slick-list"
        style="height: 0px;"
      >
        <div
          class="slick-track"
          style="opacity: 1; transform: translate3d(0px, 0px, 0px);"
        >
          <div
            aria-hidden="false"
            class="slick-slide slick-active slick-current"
            data-index="0"
            style="outline: none; width: 0px;"
            tabindex="-1"
          >
            <div>
              <div
                class="c2 c3"
              >
                <div
                  class="c4 c5"
                  color="primary"
                >
                  Bestselling
                </div>
                <div
                  aria-label="Defy death 1"
                  class="c6"
                  role="img"
                  src="https://source.unsplash.com/user/willianjusten/1042x580"
                />
                <div
                  class="c7"
                >
                  <h2
                    class="c8"
                  >
                    Defy death 1
                  </h2>
                  <h3
                    class="c9"
                  >
                    <p>
                      Play the new 
                      <strong>
                        CrashLands
                      </strong>
                       season
                    </p>
                  </h3>
                  <a
                    class="c10"
                    href="/games/defy-death"
                  >
                    <span>
                      Buy now
                    </span>
                  </a>
                </div>
              </div>
            </div>
          </div>
          <div
            aria-hidden="true"
            class="slick-slide"
            data-index="1"
            style="outline: none; width: 0px;"
            tabindex="-1"
          >
            <div>
              <div
                class="c2 c3"
              >
                <div
                  aria-label="Defy death 2"
                  class="c11"
                  role="img"
                  src="https://source.unsplash.com/user/willianjusten/1042x582"
                />
                <div
                  class="c7"
                >
                  <h2
                    class="c8"
                  >
                    Defy death 2
                  </h2>
                  <h3
                    class="c9"
                  >
                    <p>
                      Play the new 
                      <strong>
                        CrashLands
                      </strong>
                       season
                    </p>
                  </h3>
                  <a
                    class="c10"
                    href="/games/defy-death"
                  >
                    <span>
                      Buy now
                    </span>
                  </a>
                </div>
              </div>
            </div>
          </div>
        </div>
      </div>
      <ul
        class="slick-dots"
        style="display: block;"
      >
        <li
          class="slick-active"
        >
          <button>
            1
          </button>
        </li>
        <li
          class=""
        >
          <button>
            2
          </button>
        </li>
      </ul>
    </div>
  </section>
</section>
`;
