// Jest Snapshot v1, https://goo.gl/fbAQLP

exports[`<FormSignIn /> should render the form 1`] = `
.c6 {
  display: inline-block;
  vertical-align: middle;
  overflow: hidden;
}

.c10 {
  background-image: linear-gradient(180deg,#ff5f5f 0%,#f062c0 50%);
  border: none;
  border-radius: 0.4rem;
  color: #FAFAFA;
  cursor: pointer;
  display: -webkit-inline-box;
  display: -webkit-inline-flex;
  display: -ms-inline-flexbox;
  display: inline-flex;
  -webkit-align-items: center;
  -webkit-box-align: center;
  -ms-flex-align: center;
  align-items: center;
  -webkit-box-pack: center;
  -webkit-justify-content: center;
  -ms-flex-pack: center;
  justify-content: center;
  font-family: Poppins,-apple-system,BlinkMacSystemFont,'Segoe UI',Roboto,Oxygen,Ubuntu,Cantarell,'Open Sans','Helvetica Neue',sans-serif;
  padding: 0.8rem;
  -webkit-text-decoration: none;
  text-decoration: none;
  font-size: 1.6rem;
  height: 5rem;
  padding: 0.8rem 4.8rem;
  width: 100%;
}

.c10:hover,
.c10:focus {
  background-image: linear-gradient(180deg,#e35565 0%,#d958a6 50%);
}

.c2 .c4 {
  margin-right: 1.6rem;
  -webkit-order: 0;
  -ms-flex-order: 0;
  order: 0;
}

.c3 {
  background: #EAEAEA;
  border-radius: 0.4rem;
  border: 0.2rem solid #EAEAEA;
  display: -webkit-box;
  display: -webkit-flex;
  display: -ms-flexbox;
  display: flex;
  padding: 0 1.6rem;
}

.c3:focus-within {
  box-shadow: 0 0 0.5rem #F231A5;
}

.c7 {
  background: transparent;
  border: 0;
  color: #030517;
  font-family: Poppins,-apple-system,BlinkMacSystemFont,'Segoe UI',Roboto,Oxygen,Ubuntu,Cantarell,'Open Sans','Helvetica Neue',sans-serif;
  font-size: 1.6rem;
  outline: none;
  padding: 0.8rem 0;
  width: 100%;
}

.c5 {
  color: #8F8F8F;
  display: -webkit-box;
  display: -webkit-flex;
  display: -ms-flexbox;
  display: flex;
  -webkit-align-items: center;
  -webkit-box-align: center;
  -ms-flex-align: center;
  align-items: center;
  -webkit-box-pack: center;
  -webkit-justify-content: center;
  -ms-flex-pack: center;
  justify-content: center;
  width: 2.2rem;
}

.c5 svg {
  width: 2.2rem;
}

.c8 {
  color: #030517;
  display: block;
  font-size: 1.4rem;
  -webkit-text-decoration: none;
  text-decoration: none;
  text-align: right;
}

.c8:hover,
.c8:focus {
  color: #15229e;
}

.c0 .c1 {
  margin: 0.8rem 0;
}

.c0 .c9 {
  margin: 3.2rem auto 1.6rem;
}

.c11 {
  color: #030517;
  font-size: 1.4rem;
  text-align: center;
}

.c11 a {
  border-bottom: 0.1rem solid #3CD3C1;
  color: #3CD3C1;
  -webkit-text-decoration: none;
  text-decoration: none;
  -webkit-transition: color,border,0.1s ease-in-out;
  transition: color,border,0.1s ease-in-out;
}

.c11 a:hover,
.c11 a:focus {
  border-bottom: 0.1rem solid #29b3a3;
  color: #29b3a3;
}

<body>
  <div>
    <div
      class="c0"
    >
      <form>
        <div
          class="c1 c2"
        >
          <div
            class="c3"
          >
            <div
              class="c4 c5"
            >
              <svg
                aria-hidden="true"
                class="c6"
                fill="currentColor"
                focusable="false"
                viewBox="0 0 24 24"
                xmlns="http://www.w3.org/2000/svg"
              >
                <path
                  d="M0 0h24v24H0V0z"
                  fill="none"
                />
                <path
                  d="M22 6c0-1.1-.9-2-2-2H4c-1.1 0-2 .9-2 2v12c0 1.1.9 2 2 2h16c1.1 0 2-.9 2-2V6zm-2 0l-8 5-8-5h16zm0 12H4V8l8 5 8-5v10z"
                />
              </svg>
            </div>
            <input
              class="c7"
              name="email"
              placeholder="Email"
              type="email"
              value=""
            />
          </div>
        </div>
        <div
          class="c1 c2"
        >
          <div
            class="c3"
          >
            <div
              class="c4 c5"
            >
              <svg
                aria-hidden="true"
                class="c6"
                fill="currentColor"
                focusable="false"
                viewBox="0 0 24 24"
                xmlns="http://www.w3.org/2000/svg"
              >
                <g
                  fill="none"
                >
                  <path
                    d="M0 0h24v24H0V0z"
                  />
                  <path
                    d="M0 0h24v24H0V0z"
                    opacity="0.87"
                  />
                </g>
                <path
                  d="M18 8h-1V6c0-2.76-2.24-5-5-5S7 3.24 7 6v2H6c-1.1 0-2 .9-2 2v10c0 1.1.9 2 2 2h12c1.1 0 2-.9 2-2V10c0-1.1-.9-2-2-2zM9 6c0-1.66 1.34-3 3-3s3 1.34 3 3v2H9V6zm9 14H6V10h12v10zm-6-3c1.1 0 2-.9 2-2s-.9-2-2-2-2 .9-2 2 .9 2 2 2z"
                />
              </svg>
            </div>
            <input
              class="c7"
              name="password"
              placeholder="Password"
              type="password"
              value=""
            />
          </div>
        </div>
        <a
          class="c8"
          href="#"
        >
          Forgot your password?
        </a>
        <button
          class="c9 c10"
        >
          <span>
            Sign in now
          </span>
        </button>
        <div
          class="c11"
        >
          Don't have an account? 
          <a
            href="/sign-up"
          >
            Sign up
          </a>
        </div>
      </form>
    </div>
  </div>
</body>
`;
