// Jest Snapshot v1, https://goo.gl/fbAQLP

exports[`<CartList /> should render the heading 1`] = `
.c1 {
  border-bottom: 0.1rem solid #EAEAEA;
  padding: 0.8rem;
}

.c2 {
  display: -webkit-box;
  display: -webkit-flex;
  display: -ms-flexbox;
  display: flex;
}

.c3 {
  -webkit-flex-shrink: 0;
  -ms-flex-negative: 0;
  flex-shrink: 0;
  margin-right: 0.8rem;
  width: 9.6rem;
  height: 5.6rem;
}

.c3 img {
  width: 100%;
  height: 100%;
  object-fit: cover;
}

.c4 {
  display: -webkit-box;
  display: -webkit-flex;
  display: -ms-flexbox;
  display: flex;
  -webkit-flex-direction: column;
  -ms-flex-direction: column;
  flex-direction: column;
  -webkit-align-items: flex-start;
  -webkit-box-align: flex-start;
  -ms-flex-align: flex-start;
  align-items: flex-start;
}

.c5 {
  color: #030517;
  display: -webkit-box;
  display: -webkit-flex;
  display: -ms-flexbox;
  display: flex;
  -webkit-align-items: center;
  -webkit-box-align: center;
  -ms-flex-align: center;
  align-items: center;
  font-size: 1.4rem;
  line-height: 1.4rem;
  margin-bottom: 0.8rem;
}

.c6 {
  background-color: #3CD3C1;
  border-radius: 0.4rem;
  color: #FAFAFA;
  font-size: 1.4rem;
  font-weight: 600;
  padding: 0.2rem 0.8rem;
}

.c0 {
  background: #FAFAFA;
  display: -webkit-box;
  display: -webkit-flex;
  display: -ms-flexbox;
  display: flex;
  -webkit-flex-direction: column;
  -ms-flex-direction: column;
  flex-direction: column;
  -webkit-align-self: start;
  -ms-flex-item-align: start;
  align-self: start;
}

.c7 {
  background: #eee;
  color: #030517;
  display: -webkit-box;
  display: -webkit-flex;
  display: -ms-flexbox;
  display: flex;
  -webkit-align-items: center;
  -webkit-box-align: center;
  -ms-flex-align: center;
  align-items: center;
  -webkit-box-pack: justify;
  -webkit-justify-content: space-between;
  -ms-flex-pack: justify;
  justify-content: space-between;
  font-size: 1.4rem;
  font-weight: 600;
  padding: 0.8rem;
}

.c8 {
  color: #F231A5;
}

@media (min-width:768px) {
  .c1 {
    display: -webkit-box;
    display: -webkit-flex;
    display: -ms-flexbox;
    display: flex;
    padding: 2.4rem;
  }
}

@media (min-width:768px) {
  .c3 {
    margin-right: 1.6rem;
    width: 15rem;
    height: 7rem;
  }
}

@media (min-width:768px) {
  .c5 {
    font-size: 1.8rem;
    line-height: 1.8rem;
  }
}

@media (min-width:768px) {
  .c7 {
    font-size: 1.6rem;
    padding: 2.4rem;
  }
}

<div
  class="c0"
>
  <div
    class="c1"
  >
    <div
      class="c2"
    >
      <div
        class="c3"
      >
        <img
          alt="Red Dead Redemption 2"
          src="https://source.unsplash.com/user/willianjusten/151x70"
        />
      </div>
      <div
        class="c4"
      >
        <h3
          class="c5"
        >
          Red Dead Redemption 2
        </h3>
        <div
          class="c6"
        >
          R$ 215,00
        </div>
      </div>
    </div>
  </div>
  <div
    class="c1"
  >
    <div
      class="c2"
    >
      <div
        class="c3"
      >
        <img
          alt="Borderlands 3"
          src="https://source.unsplash.com/user/willianjusten/151x70"
        />
      </div>
      <div
        class="c4"
      >
        <h3
          class="c5"
        >
          Borderlands 3
        </h3>
        <div
          class="c6"
        >
          R$ 215,00
        </div>
      </div>
    </div>
  </div>
  <p
    class="c7"
  >
    Total
    <span
      class="c8"
    >
      R$ 330,00
    </span>
  </p>
</div>
`;
